<!DOCTYPE html>
<html lang="en">
<head>
    <meta charset="UTF-8">
    <meta name="viewport" content="width=device-width, initial-scale=1.0">
    <meta http-equiv="X-UA-Compatible" content="ie=edge">
    <link rel="stylesheet" href="css/styles.css">
    <title>golden</title>
</head>
<body>
    <header>
        <div class="contanier">
            <div class="heading clearfix">
                <img class="logo" src="img/logo.png" alt="logo">
                <nav>
                    <ul class="menu">
                        <li>
                            <a href="#">Home</a>
                        </li>
                        <li>
                            <a href="#">Services</a>
                        </li>
                        <li>
                            <a href="#">Portfolio</a>
                        </li>
                        <li>
                            <a href="#">About</a>
                        </li>
                        <li>
                            <a href="#">Contact</a>
                        </li>
                    </ul>
                </nav>
            </div> 
            <div class="titles">
                <div class="titles__first">Welcome To Our Studio!</div>
                <h1>It’s nice to Meet you</h1>
            </div> 
            <a class="button" href="#">Tell Me More</a>  

        </div>
    </header>
    <section id="services">
            <div class="contanier">
              <div class="title">
                <h2>Services</h2>
                <p>Proin iaculis purus consequat sem cure. </p>
              </div> 
              <div class="services clearfix">
                  <div class="services__item">
                    <img src="img/icon1.png" alt="услуга">
                    <h3>E-Commerce</h3>
                    <p>Proin iaculis purus consequat sem cure 
                            digni ssim. Donec porttitora entum suscipit 
                            aenean rhoncus posuere odio in tincidunt.</p>
                  </div>
                  <div class="services__item">
                    <img src="img/icon2.png" alt="Responsive Web">
                    <h3>Responsive Web</h3>
                    <p>Proin iaculis purus consequat sem cure 
                                digni ssim. Donec porttitora entum suscipit 
                                aenean rhoncus posuere odio in tincidunt.</p>

                  </div>
                  <div class="services__item">
                    <img src="img/icon3.png" alt="Web Security">
                    <h3>Web Security</h3>
                    <p>Proin iaculis purus consequat sem cure 
                                digni ssim. Donec porttitora entum suscipit 
                                aenean rhoncus posuere odio in tincidunt.</p>

                  </div>
              </div> 
            </div>
    </section>
    <section id="porfolio">
            <div class="contanier">
                    <div class="title">
                            <h2>Our portfolios</h2>
                            <p>Proin iaculis purus consequat sem cure. </p>

                    </div>
                    <div class="works clearfix">
                        <img src="img/port1.png" alt="works">
                        <img src="img/port2.png" alt="works">
                        <img src="img/port3.png" alt="works">
                    </div>
            
            </div>
    </section>
    <section id="about">
            <div class="contanier">
                    <div class="title">
                            <h2>About Us</h2>
                            <p>Proin iaculis purus consequat sem cure. </p>
                            
                    </div>
                    <div class="services clearfix">
                            <div class="services__item">
                              <img src="img/about1.png" alt="услуга">
                              <h3>Our Humble Beginnings</h3>
                              <p>Proin iaculis purus consequat sem cure 
                                      digni ssim. Donec porttitora entum suscipit 
                                      aenean rhoncus posuere odio in tincidunt.</p>
                            </div>
                            <div class="services__item">
                              <img src="img/about2.png" alt="Responsive Web">
                              <h3>Facing Startup Battles</h3>
                              <p>Proin iaculis purus consequat sem cure 
                                          digni ssim. Donec porttitora entum suscipit 
                                          aenean rhoncus posuere odio in tincidunt.</p>
          
                            </div>
                            <div class="services__item">
                              <img src="img/about3.png" alt="Web Security">
                              <h3>Enter The Dark Days</h3>
                              <p>Proin iaculis purus consequat sem cure 
                                          digni ssim. Donec porttitora entum suscipit 
                                          aenean rhoncus posuere odio in tincidunt.</p>
          
                            </div>
                            
                    </div> 
            </div>
    </section>
    <footer id="copy">
            <div class="contanier">
                    <div class="title">
                        <p>© Copyright 2014 FreebiesXpress.com</p>
                    </div>
            
            </div>
    </footer>
    
</body>
</html>